// Jest Snapshot v1, https://goo.gl/fbAQLP

exports[`Test Cocktail Details Page should render the cocktail details page without crashing 1`] = `
<DocumentFragment>
  <a
    class="HomeBtn"
    data-testid="home-btn-testid"
    href="/"
  >
    Home
  </a>
  <div
    class="MuiGrid-root DetailsPage MuiGrid-container"
  >
    <div
      class="react-reveal"
    >
      <div
        class="MuiGrid-root DetailsPage__Container MuiGrid-container MuiGrid-spacing-xs-4 MuiGrid-item MuiGrid-grid-sm-10"
      >
        <div
          class="MuiGrid-root MuiGrid-item MuiGrid-grid-xs-12 MuiGrid-grid-sm-6 MuiGrid-grid-md-6 MuiGrid-grid-lg-6"
        >
          <img
            alt="cocktail pic"
            class="MuiCardMedia-root DetailsPage__Container__Img MuiCardMedia-media MuiCardMedia-img"
            data-testid="cocktail-img-testid"
            height="250"
            src="https://www.thecocktaildb.com/images/media/drink/yqstxr1479209367.jpg"
            title="Cocktail Image"
          />
        </div>
        <div
          class="MuiGrid-root MuiGrid-item MuiGrid-grid-xs-12 MuiGrid-grid-sm-6 MuiGrid-grid-md-6 MuiGrid-grid-lg-6"
        >
          <h4
            class="MuiTypography-root MuiTypography-h4"
          >
            Cream Soda
          </h4>
          <h5
            class="MuiTypography-root MuiTypography-h5"
          >
            Cocktail
          </h5>
          <div
            data-testid="cocktail-details-testid"
          >
            <h6
              class="MuiTypography-root CocktailDetails__Info MuiTypography-h6"
            >
              <span>
                idDrink : 
              </span>
              14608
            </h6>
            <h6
              class="MuiTypography-root CocktailDetails__Info MuiTypography-h6"
            >
              <span>
                Alcoholic : 
              </span>
              Alcoholic
            </h6>
            <h6
              class="MuiTypography-root CocktailDetails__Info MuiTypography-h6"
            >
              <span>
                Glass : 
              </span>
              Highball glass
            </h6>
            <h6
              class="MuiTypography-root CocktailDetails__Info MuiTypography-h6"
            >
              <span>
                Instructions : 
              </span>
              Pour 1oz of Spiced Rum into a highball glass with ice. Fill with Ginger Ale.
            </h6>
            <h6
              class="MuiTypography-root CocktailDetails__Info MuiTypography-h6"
            >
              <span>
                InstructionsDE : 
              </span>
              Geben Sie 3 cl. Spiced Rum in ein Highball-Glas mit Eis. Mit Ginger Ale .
            </h6>
            <h6
              class="MuiTypography-root CocktailDetails__Info MuiTypography-h6"
            >
              <span>
                InstructionsIT : 
              </span>
              Versare 30gr di rum speziato in un bicchiere highball con ghiaccio.Riempi con Ginger Ale.
            </h6>
            <h6
              class="MuiTypography-root CocktailDetails__Ingredient MuiTypography-h6"
            >
              Ingredient1 : Spiced rum
            </h6>
            <h6
              class="MuiTypography-root CocktailDetails__Ingredient MuiTypography-h6"
            >
              Ingredient2 : Ginger ale
            </h6>
            <h6
              class="MuiTypography-root CocktailDetails__Info MuiTypography-h6"
            >
              <span>
                CreativeCommonsConfirmed : 
              </span>
              No
            </h6>
            <h6
              class="MuiTypography-root CocktailDetails__Info MuiTypography-h6"
            >
              <span>
                dateModified : 
              </span>
              2016-11-15 11:29:27
            </h6>
          </div>
        </div>
      </div>
    </div>
  </div>
</DocumentFragment>
`;
